
     | | | | | | |
   _________________
  -|               |-
  -|               |-
  -|               |-
  -|    CYPRESS    |-
  -|               |-
  -|               |-   Warp VHDL Synthesis Compiler: Version 6.3 IR 35
  -|               |-   Copyright (C) 1991-2001 Cypress Semiconductor
   |_______________|
     | | | | | | |

======================================================================
Compiling:  COD8A3.vhd
Options:    -m -yu -e10 -w100 -o2 -ygs -fP -v10 -dc22v10 -ppalce22v10-25pc/pi -b COD8A3.vhd -u COD8A3.hie
======================================================================

vhdlfe V6.3 IR 35:  VHDL parser
Sun Dec 17 21:43:02 2023

Library 'work' => directory 'lc22v10'
Linking 'C:\ARCHIV~1\Cypress\Warp\bin\std.vhd'.
Linking 'C:\ARCHIV~1\Cypress\Warp\lib\common\cypress.vhd'.
Linking 'C:\ARCHIV~1\Cypress\Warp\lib\common\work\cypress.vif'.
Library 'ieee' => directory 'C:\ARCHIV~1\Cypress\Warp\lib\ieee\work'
Linking 'C:\ARCHIV~1\Cypress\Warp\lib\ieee\work\stdlogic.vif'.

vhdlfe:  No errors.


tovif V6.3 IR 35:  High-level synthesis
Sun Dec 17 21:43:02 2023

Linking 'C:\ARCHIV~1\Cypress\Warp\bin\std.vhd'.
Linking 'C:\ARCHIV~1\Cypress\Warp\lib\common\cypress.vhd'.
Linking 'C:\ARCHIV~1\Cypress\Warp\lib\common\work\cypress.vif'.
Linking 'C:\ARCHIV~1\Cypress\Warp\lib\ieee\work\stdlogic.vif'.

tovif:  No errors.


topld V6.3 IR 35:  Synthesis and optimization
Sun Dec 17 21:43:02 2023

Linking 'C:\ARCHIV~1\Cypress\Warp\bin\std.vhd'.
Linking 'C:\ARCHIV~1\Cypress\Warp\lib\common\cypress.vhd'.
Linking 'C:\ARCHIV~1\Cypress\Warp\lib\common\work\cypress.vif'.
Linking 'C:\ARCHIV~1\Cypress\Warp\lib\ieee\work\stdlogic.vif'.

----------------------------------------------------------
Detecting unused logic.
----------------------------------------------------------
    User names
	ctrl_2
	ctrl_1
	ctrl_0


Deleted 3 User equations/components.
Deleted 0 Synthesized equations/components.

------------------------------------------------------
Alias Detection
------------------------------------------------------

------------------------------------------------------
Aliased 0 equations, 0 wires.
------------------------------------------------------

----------------------------------------------------------
Circuit simplification
----------------------------------------------------------

----------------------------------------------------------
Circuit simplification results:

	Expanded 0 signals.
	Turned 0 signals into soft nodes.
	Maximum default expansion cost was set at 10.
----------------------------------------------------------
Created 15 PLD nodes.

topld:  No errors.

----------------------------------------------------------------------------
PLD Optimizer Software:       DSGNOPT.EXE    31/03/2000  [v4.02 ] 6.3 IR 35

DESIGN HEADER INFORMATION  (21:43:03)

Input File(s): COD8A3.pla
Device       : C22V10
Package      : palce22v10-25pc/pi
ReportFile   : COD8A3.rpt

Program Controls:
    COMMAND LANGUAGE_VHDL 
    COMMAND PROPERTY BUS_HOLD ENABLE 

Signal Requests:
    GROUP USEPOL ALL
    GROUP FAST_SLEW ALL

Completed Successfully  
----------------------------------------------------------------------------
PLD Optimizer Software:       DSGNOPT.EXE    31/03/2000  [v4.02 ] 6.3 IR 35

OPTIMIZATION OPTIONS       (21:43:03)

Messages:
  Information: Optimizing logic using best output polarity for signals:
         salida(0) salida(1) salida(2)



Summary:
                 Error Count = 0      Warning Count = 0

Completed Successfully  
----------------------------------------------------------------------------
PLD Optimizer Software:       MINOPT.EXE     01/NOV/1999  [v4.02 ] 6.3 IR 35

LOGIC MINIMIZATION         ()

Messages:


Summary:
                 Error Count = 0      Warning Count = 0

Completed Successfully
----------------------------------------------------------------------------
PLD Optimizer Software:       DSGNOPT.EXE    31/03/2000  [v4.02 ] 6.3 IR 35

OPTIMIZATION OPTIONS       (21:43:03)

Messages:
  Information: Optimizing Banked Preset/Reset requirements.


Summary:
                 Error Count = 0      Warning Count = 0

Completed Successfully  
----------------------------------------------------------------------------
PLD Compiler Software:        PLA2JED.EXE    31/03/2000  [v4.02 ] 6.3 IR 35

<CYPRESSTAG name="Equations" icon=FILE_RPT_EQUATION>
DESIGN EQUATIONS           (21:43:03)
</CYPRESSTAG>

    salida(0) =
          enable * /entrada(0) * /entrada(1) * /entrada(2) * /entrada(3) * 
          /entrada(4) * /entrada(5) * /entrada(6) * entrada(7) 
        + enable * /entrada(0) * /entrada(1) * /entrada(2) * /entrada(3) * 
          /entrada(4) * entrada(5) * /entrada(6) * /entrada(7) 
        + enable * /entrada(0) * /entrada(1) * /entrada(2) * entrada(3) * 
          /entrada(4) * /entrada(5) * /entrada(6) * /entrada(7) 
        + enable * /entrada(0) * entrada(1) * /entrada(2) * /entrada(3) * 
          /entrada(4) * /entrada(5) * /entrada(6) * /entrada(7) 

    salida(1) =
          enable * /entrada(0) * /entrada(1) * /entrada(2) * /entrada(3) * 
          /entrada(4) * /entrada(5) * /entrada(6) * entrada(7) 
        + enable * /entrada(0) * /entrada(1) * /entrada(2) * entrada(3) * 
          /entrada(4) * /entrada(5) * /entrada(6) * /entrada(7) 
        + enable * /entrada(0) * /entrada(1) * /entrada(2) * /entrada(3) * 
          /entrada(4) * /entrada(5) * entrada(6) * /entrada(7) 
        + enable * /entrada(0) * /entrada(1) * entrada(2) * /entrada(3) * 
          /entrada(4) * /entrada(5) * /entrada(6) * /entrada(7) 

    salida(2) =
          enable * /entrada(0) * /entrada(1) * /entrada(2) * /entrada(3) * 
          /entrada(4) * /entrada(5) * /entrada(6) * entrada(7) 
        + enable * /entrada(0) * /entrada(1) * /entrada(2) * /entrada(3) * 
          /entrada(4) * entrada(5) * /entrada(6) * /entrada(7) 
        + enable * /entrada(0) * /entrada(1) * /entrada(2) * /entrada(3) * 
          /entrada(4) * /entrada(5) * entrada(6) * /entrada(7) 
        + enable * /entrada(0) * /entrada(1) * /entrada(2) * /entrada(3) * 
          entrada(4) * /entrada(5) * /entrada(6) * /entrada(7) 


Completed Successfully  
----------------------------------------------------------------------------
PLD Compiler Software:        PLA2JED.EXE    31/03/2000  [v4.02 ] 6.3 IR 35

DESIGN RULE CHECK          (21:43:03)

Messages:
                 None.


Summary:
                 Error Count = 0      Warning Count = 0

Completed Successfully  
----------------------------------------------------------------------------
PLD Compiler Software:        PLA2JED.EXE    31/03/2000  [v4.02 ] 6.3 IR 35

<CYPRESSTAG name="Pinout" icon=FILE_RPT_PINOUT>
PINOUT INFORMATION   (21:43:03)
</CYPRESSTAG>
Messages:
  Information: Checking for duplicate NODE logic.
                 None.


                                 C22V10
                 __________________________________________
     entrada(7) =| 1|                                  |24|* not used       
     entrada(6) =| 2|                                  |23|= salida(1)      
     entrada(5) =| 3|                                  |22|* not used       
     entrada(4) =| 4|                                  |21|* not used       
     entrada(3) =| 5|                                  |20|* not used       
     entrada(2) =| 6|                                  |19|* not used       
     entrada(1) =| 7|                                  |18|* not used       
     entrada(0) =| 8|                                  |17|* not used       
         enable =| 9|                                  |16|* not used       
       not used *|10|                                  |15|= salida(0)      
       not used *|11|                                  |14|= salida(2)      
       not used *|12|                                  |13|* not used       
                 __________________________________________


Summary:
                 Error Count = 0      Warning Count = 0

Completed Successfully  
----------------------------------------------------------------------------
PLD Compiler Software:        PLA2JED.EXE    31/03/2000  [v4.02 ] 6.3 IR 35

<CYPRESSTAG name="Utilization" icon=FILE_RPT_UTILIZATION>
RESOURCE UTILIZATION (21:43:03)
</CYPRESSTAG>
  Information: Macrocell Utilization.

                     Description        Used     Max
                 ______________________________________
                 | Dedicated Inputs   |    8  |   11  |
                 | Clock/Inputs       |    1  |    1  |
                 | I/O Macrocells     |    3  |   10  |
                 ______________________________________
                                          12  /   22   = 54  %


  Information: Output Logic Product Term Utilization.

                  Node#  Output Signal Name  Used   Max
                 ________________________________________
                 | 14  |  salida(2)       |   4  |   8  |
                 | 15  |  salida(0)       |   4  |  10  |
                 | 16  |  Unused          |   0  |  12  |
                 | 17  |  Unused          |   0  |  14  |
                 | 18  |  Unused          |   0  |  16  |
                 | 19  |  Unused          |   0  |  16  |
                 | 20  |  Unused          |   0  |  14  |
                 | 21  |  Unused          |   0  |  12  |
                 | 22  |  Unused          |   0  |  10  |
                 | 23  |  salida(1)       |   4  |   8  |
                 | 25  |  Unused          |   0  |   1  |
                 ________________________________________
                                             12  / 121   = 9   %


Completed Successfully  
----------------------------------------------------------------------------
PLD Compiler Software:        PLA2JED.EXE    31/03/2000  [v4.02 ] 6.3 IR 35

JEDEC ASSEMBLE             (21:43:03)

Messages:
  Information: Output file 'COD8A3.pin' created.
  Information: Output file 'COD8A3.jed' created.

  Usercode:    
  Checksum:    4C50



Summary:
                 Error Count = 0      Warning Count = 0

Completed Successfully at 21:43:03
