
     | | | | | | |
   _________________
  -|               |-
  -|               |-
  -|               |-
  -|    CYPRESS    |-
  -|               |-
  -|               |-   Warp VHDL Synthesis Compiler: Version 6.3 IR 35
  -|               |-   Copyright (C) 1991-2001 Cypress Semiconductor
   |_______________|
     | | | | | | |

======================================================================
Compiling:  COMPMAG.vhd
Options:    -m -yu -e10 -w100 -o2 -ygs -fP -v10 -dc22v10 -ppalce22v10-25pc/pi -b COMPMAG.vhd -u COMPMAG.hie
======================================================================

vhdlfe V6.3 IR 35:  VHDL parser
Tue Dec 19 01:42:25 2023

Library 'work' => directory 'lc22v10'
Linking 'C:\ARCHIV~1\Cypress\Warp\bin\std.vhd'.
Linking 'C:\ARCHIV~1\Cypress\Warp\lib\common\cypress.vhd'.
Linking 'C:\ARCHIV~1\Cypress\Warp\lib\common\work\cypress.vif'.
Library 'ieee' => directory 'C:\ARCHIV~1\Cypress\Warp\lib\ieee\work'
Linking 'C:\ARCHIV~1\Cypress\Warp\lib\ieee\work\stdlogic.vif'.

vhdlfe:  No errors.


tovif V6.3 IR 35:  High-level synthesis
Tue Dec 19 01:42:25 2023

Linking 'C:\ARCHIV~1\Cypress\Warp\bin\std.vhd'.
Linking 'C:\ARCHIV~1\Cypress\Warp\lib\common\cypress.vhd'.
Linking 'C:\ARCHIV~1\Cypress\Warp\lib\common\work\cypress.vif'.
Linking 'C:\ARCHIV~1\Cypress\Warp\lib\ieee\work\stdlogic.vif'.

tovif:  No errors.


topld V6.3 IR 35:  Synthesis and optimization
Tue Dec 19 01:42:25 2023

Linking 'C:\ARCHIV~1\Cypress\Warp\bin\std.vhd'.
Linking 'C:\ARCHIV~1\Cypress\Warp\lib\common\cypress.vhd'.
Linking 'C:\ARCHIV~1\Cypress\Warp\lib\common\work\cypress.vif'.
Linking 'C:\ARCHIV~1\Cypress\Warp\lib\ieee\work\stdlogic.vif'.

----------------------------------------------------------
Detecting unused logic.
----------------------------------------------------------



------------------------------------------------------
Alias Detection
------------------------------------------------------

------------------------------------------------------
Aliased 0 equations, 0 wires.
------------------------------------------------------

----------------------------------------------------------
Circuit simplification
----------------------------------------------------------

----------------------------------------------------------
Circuit simplification results:

	Expanded 0 signals.
	Turned 0 signals into soft nodes.
	Maximum default expansion cost was set at 10.
----------------------------------------------------------
Created 7 PLD nodes.

topld:  No errors.

----------------------------------------------------------------------------
PLD Optimizer Software:       DSGNOPT.EXE    31/03/2000  [v4.02 ] 6.3 IR 35

DESIGN HEADER INFORMATION  (01:42:26)

Input File(s): COMPMAG.pla
Device       : C22V10
Package      : palce22v10-25pc/pi
ReportFile   : COMPMAG.rpt

Program Controls:
    COMMAND LANGUAGE_VHDL 
    COMMAND PROPERTY BUS_HOLD ENABLE 

Signal Requests:
    GROUP USEPOL ALL
    GROUP FAST_SLEW ALL

Completed Successfully  
----------------------------------------------------------------------------
PLD Optimizer Software:       DSGNOPT.EXE    31/03/2000  [v4.02 ] 6.3 IR 35

OPTIMIZATION OPTIONS       (01:42:26)

Messages:
  Information: Optimizing logic using best output polarity for signals:
         f1 f2 f3



Summary:
                 Error Count = 0      Warning Count = 0

Completed Successfully  
----------------------------------------------------------------------------
PLD Optimizer Software:       MINOPT.EXE     01/NOV/1999  [v4.02 ] 6.3 IR 35

LOGIC MINIMIZATION         ()

Messages:


Summary:
                 Error Count = 0      Warning Count = 0

Completed Successfully
----------------------------------------------------------------------------
PLD Optimizer Software:       DSGNOPT.EXE    31/03/2000  [v4.02 ] 6.3 IR 35

OPTIMIZATION OPTIONS       (01:42:26)

Messages:
  Information: Optimizing Banked Preset/Reset requirements.


Summary:
                 Error Count = 0      Warning Count = 0

Completed Successfully  
----------------------------------------------------------------------------
PLD Compiler Software:        PLA2JED.EXE    31/03/2000  [v4.02 ] 6.3 IR 35

<CYPRESSTAG name="Equations" icon=FILE_RPT_EQUATION>
DESIGN EQUATIONS           (01:42:26)
</CYPRESSTAG>

    f1 =
          a(0) * a(1) * /b(0) 
        + a(0) * /b(0) * /b(1) 
        + a(1) * /b(1) 

    f2 =
          /a(0) * b(0) * b(1) 
        + /a(0) * /a(1) * b(0) 
        + /a(1) * b(1) 

    f3 =
          a(0) * a(1) * b(0) * b(1) 
        + /a(0) * a(1) * /b(0) * b(1) 
        + a(0) * /a(1) * b(0) * /b(1) 
        + /a(0) * /a(1) * /b(0) * /b(1) 


Completed Successfully  
----------------------------------------------------------------------------
PLD Compiler Software:        PLA2JED.EXE    31/03/2000  [v4.02 ] 6.3 IR 35

DESIGN RULE CHECK          (01:42:26)

Messages:
                 None.


Summary:
                 Error Count = 0      Warning Count = 0

Completed Successfully  
----------------------------------------------------------------------------
PLD Compiler Software:        PLA2JED.EXE    31/03/2000  [v4.02 ] 6.3 IR 35

<CYPRESSTAG name="Pinout" icon=FILE_RPT_PINOUT>
PINOUT INFORMATION   (01:42:26)
</CYPRESSTAG>
Messages:
  Information: Checking for duplicate NODE logic.
                 None.


                                 C22V10
                 __________________________________________
           b(1) =| 1|                                  |24|* not used       
           b(0) =| 2|                                  |23|= f2             
           a(1) =| 3|                                  |22|* not used       
           a(0) =| 4|                                  |21|* not used       
       not used *| 5|                                  |20|* not used       
       not used *| 6|                                  |19|* not used       
       not used *| 7|                                  |18|* not used       
       not used *| 8|                                  |17|* not used       
       not used *| 9|                                  |16|* not used       
       not used *|10|                                  |15|= f1             
       not used *|11|                                  |14|= f3             
       not used *|12|                                  |13|* not used       
                 __________________________________________


Summary:
                 Error Count = 0      Warning Count = 0

Completed Successfully  
----------------------------------------------------------------------------
PLD Compiler Software:        PLA2JED.EXE    31/03/2000  [v4.02 ] 6.3 IR 35

<CYPRESSTAG name="Utilization" icon=FILE_RPT_UTILIZATION>
RESOURCE UTILIZATION (01:42:26)
</CYPRESSTAG>
  Information: Macrocell Utilization.

                     Description        Used     Max
                 ______________________________________
                 | Dedicated Inputs   |    3  |   11  |
                 | Clock/Inputs       |    1  |    1  |
                 | I/O Macrocells     |    3  |   10  |
                 ______________________________________
                                           7  /   22   = 31  %


  Information: Output Logic Product Term Utilization.

                  Node#  Output Signal Name  Used   Max
                 ________________________________________
                 | 14  |  f3              |   4  |   8  |
                 | 15  |  f1              |   3  |  10  |
                 | 16  |  Unused          |   0  |  12  |
                 | 17  |  Unused          |   0  |  14  |
                 | 18  |  Unused          |   0  |  16  |
                 | 19  |  Unused          |   0  |  16  |
                 | 20  |  Unused          |   0  |  14  |
                 | 21  |  Unused          |   0  |  12  |
                 | 22  |  Unused          |   0  |  10  |
                 | 23  |  f2              |   3  |   8  |
                 | 25  |  Unused          |   0  |   1  |
                 ________________________________________
                                             10  / 121   = 8   %


Completed Successfully  
----------------------------------------------------------------------------
PLD Compiler Software:        PLA2JED.EXE    31/03/2000  [v4.02 ] 6.3 IR 35

JEDEC ASSEMBLE             (01:42:26)

Messages:
  Information: Output file 'COMPMAG.pin' created.
  Information: Output file 'COMPMAG.jed' created.

  Usercode:    
  Checksum:    4542



Summary:
                 Error Count = 0      Warning Count = 0

Completed Successfully at 01:42:26
