
     | | | | | | |
   _________________
  -|               |-
  -|               |-
  -|               |-
  -|    CYPRESS    |-
  -|               |-
  -|               |-   Warp VHDL Synthesis Compiler: Version 6.3 IR 35
  -|               |-   Copyright (C) 1991-2001 Cypress Semiconductor
   |_______________|
     | | | | | | |

======================================================================
Compiling:  BINARIOA7SEG.vhd
Options:    -yu -e10 -w100 -o2 -ygs -fP -v10 -dc22v10 -ppalce22v10-25pc/pi -b BINARIOA7SEG.vhd -u BIN7SEG.hie
======================================================================

vhdlfe V6.3 IR 35:  VHDL parser
Sun Oct 29 21:18:21 2023

Library 'work' => directory 'lc22v10'
Linking 'C:\ARCHIV~1\Cypress\Warp\bin\std.vhd'.
Linking 'C:\ARCHIV~1\Cypress\Warp\lib\common\cypress.vhd'.
Linking 'C:\ARCHIV~1\Cypress\Warp\lib\common\work\cypress.vif'.
Library 'ieee' => directory 'C:\ARCHIV~1\Cypress\Warp\lib\ieee\work'
Linking 'C:\ARCHIV~1\Cypress\Warp\lib\ieee\work\stdlogic.vif'.

vhdlfe:  No errors.


tovif V6.3 IR 35:  High-level synthesis
Sun Oct 29 21:18:21 2023

Linking 'C:\ARCHIV~1\Cypress\Warp\bin\std.vhd'.
Linking 'C:\ARCHIV~1\Cypress\Warp\lib\common\cypress.vhd'.
Linking 'C:\ARCHIV~1\Cypress\Warp\lib\common\work\cypress.vif'.
Linking 'C:\ARCHIV~1\Cypress\Warp\lib\ieee\work\stdlogic.vif'.

tovif:  No errors.


topld V6.3 IR 35:  Synthesis and optimization
Sun Oct 29 21:18:21 2023

Linking 'C:\ARCHIV~1\Cypress\Warp\bin\std.vhd'.
Linking 'C:\ARCHIV~1\Cypress\Warp\lib\common\cypress.vhd'.
Linking 'C:\ARCHIV~1\Cypress\Warp\lib\common\work\cypress.vif'.
Linking 'C:\ARCHIV~1\Cypress\Warp\lib\ieee\work\stdlogic.vif'.

----------------------------------------------------------
Detecting unused logic.
----------------------------------------------------------



------------------------------------------------------
Alias Detection
------------------------------------------------------

------------------------------------------------------
Aliased 0 equations, 0 wires.
------------------------------------------------------

----------------------------------------------------------
Circuit simplification
----------------------------------------------------------

----------------------------------------------------------
Circuit simplification results:

	Expanded 0 signals.
	Turned 0 signals into soft nodes.
	Maximum default expansion cost was set at 10.
----------------------------------------------------------
Created 11 PLD nodes.

topld:  No errors.

----------------------------------------------------------------------------
PLD Optimizer Software:       DSGNOPT.EXE    31/03/2000  [v4.02 ] 6.3 IR 35

DESIGN HEADER INFORMATION  (21:18:22)

Input File(s): BINARIOA7SEG.pla
Device       : C22V10
Package      : palce22v10-25pc/pi
ReportFile   : BINARIOA7SEG.rpt

Program Controls:
    COMMAND LANGUAGE_VHDL 
    COMMAND PROPERTY BUS_HOLD ENABLE 

Signal Requests:
    GROUP USEPOL ALL
    GROUP FAST_SLEW ALL

Completed Successfully  
----------------------------------------------------------------------------
PLD Optimizer Software:       DSGNOPT.EXE    31/03/2000  [v4.02 ] 6.3 IR 35

OPTIMIZATION OPTIONS       (21:18:22)

Messages:
  Information: Optimizing logic using best output polarity for signals:
         f1 f2 f3 f4 f5 f6 f7



Summary:
                 Error Count = 0      Warning Count = 0

Completed Successfully  
----------------------------------------------------------------------------
PLD Optimizer Software:       MINOPT.EXE     01/NOV/1999  [v4.02 ] 6.3 IR 35

LOGIC MINIMIZATION         ()

Messages:


Summary:
                 Error Count = 0      Warning Count = 0

Completed Successfully
----------------------------------------------------------------------------
PLD Optimizer Software:       DSGNOPT.EXE    31/03/2000  [v4.02 ] 6.3 IR 35

OPTIMIZATION OPTIONS       (21:18:22)

Messages:
  Information: Optimizing Banked Preset/Reset requirements.


Summary:
                 Error Count = 0      Warning Count = 0

Completed Successfully  
----------------------------------------------------------------------------
PLD Compiler Software:        PLA2JED.EXE    31/03/2000  [v4.02 ] 6.3 IR 35

<CYPRESSTAG name="Equations" icon=FILE_RPT_EQUATION>
DESIGN EQUATIONS           (21:18:22)
</CYPRESSTAG>

    /f1 =
          a * /b * c * d 
        + a * b * /c * d 
        + /a * /b * /c * d 
        + /a * b * /c * /d 

    /f2 =
          /a * b * /c * d 
        + a * c * d 
        + b * c * /d 
        + a * b * /d 

    /f3 =
          /a * /b * c * /d 
        + a * b * /d 
        + a * b * c 

    /f4 =
          a * /b * c * /d 
        + /a * b * /c * /d 
        + b * c * d 
        + /b * /c * d 

    /f5 =
          /b * /c * d 
        + /a * b * /c 
        + /a * d 

    /f6 =
          /a * /b * c 
        + /a * d 

    /f7 =
          /a * b * c * d 
        + a * b * /c * /d 
        + /a * /b * /c 


Completed Successfully  
----------------------------------------------------------------------------
PLD Compiler Software:        PLA2JED.EXE    31/03/2000  [v4.02 ] 6.3 IR 35

DESIGN RULE CHECK          (21:18:22)

Messages:
                 None.


Summary:
                 Error Count = 0      Warning Count = 0

Completed Successfully  
----------------------------------------------------------------------------
PLD Compiler Software:        PLA2JED.EXE    31/03/2000  [v4.02 ] 6.3 IR 35

<CYPRESSTAG name="Pinout" icon=FILE_RPT_PINOUT>
PINOUT INFORMATION   (21:18:22)
</CYPRESSTAG>
Messages:
  Information: Checking for duplicate NODE logic.
                 None.


                                 C22V10
                 __________________________________________
              d =| 1|                                  |24|* not used       
              c =| 2|                                  |23|= f2             
              b =| 3|                                  |22|= f7             
              a =| 4|                                  |21|= f3             
       not used *| 5|                                  |20|* not used       
       not used *| 6|                                  |19|* not used       
       not used *| 7|                                  |18|* not used       
       not used *| 8|                                  |17|= f6             
       not used *| 9|                                  |16|= f5             
       not used *|10|                                  |15|= f1             
       not used *|11|                                  |14|= f4             
       not used *|12|                                  |13|* not used       
                 __________________________________________


Summary:
                 Error Count = 0      Warning Count = 0

Completed Successfully  
----------------------------------------------------------------------------
PLD Compiler Software:        PLA2JED.EXE    31/03/2000  [v4.02 ] 6.3 IR 35

<CYPRESSTAG name="Utilization" icon=FILE_RPT_UTILIZATION>
RESOURCE UTILIZATION (21:18:22)
</CYPRESSTAG>
  Information: Macrocell Utilization.

                     Description        Used     Max
                 ______________________________________
                 | Dedicated Inputs   |    3  |   11  |
                 | Clock/Inputs       |    1  |    1  |
                 | I/O Macrocells     |    7  |   10  |
                 ______________________________________
                                          11  /   22   = 50  %


  Information: Output Logic Product Term Utilization.

                  Node#  Output Signal Name  Used   Max
                 ________________________________________
                 | 14  |  f4              |   4  |   8  |
                 | 15  |  f1              |   4  |  10  |
                 | 16  |  f5              |   3  |  12  |
                 | 17  |  f6              |   2  |  14  |
                 | 18  |  Unused          |   0  |  16  |
                 | 19  |  Unused          |   0  |  16  |
                 | 20  |  Unused          |   0  |  14  |
                 | 21  |  f3              |   3  |  12  |
                 | 22  |  f7              |   3  |  10  |
                 | 23  |  f2              |   4  |   8  |
                 | 25  |  Unused          |   0  |   1  |
                 ________________________________________
                                             23  / 121   = 19  %


Completed Successfully  
----------------------------------------------------------------------------
PLD Compiler Software:        PLA2JED.EXE    31/03/2000  [v4.02 ] 6.3 IR 35

JEDEC ASSEMBLE             (21:18:22)

Messages:
  Information: Output file 'BINARIOA7SEG.pin' created.
  Information: Output file 'BINARIOA7SEG.jed' created.

  Usercode:    
  Checksum:    A229



Summary:
                 Error Count = 0      Warning Count = 0

Completed Successfully at 21:18:22
